       PADS LIBRARY (AXIS PADS Library - 2017 Part Types) DIRECTORY LISTING


Library: AXIS PADS Library - 2017
-------------------------------------------------------------------------------------------------------------------------------------------------------------------------------------------------------------------------------------------
|Part Name    |ASSY |Logic Decal             |ATTRIB             |DETAIL                 |Last modified date&time |PCB Decal                                    |SECTION |TITLE                                                            
-------------------------------------------------------------------------------------------------------------------------------------------------------------------------------------------------------------------------------------------
|22900-102    |     |                        |                   |BMI-S-102              |09/02/16 20:01:43       |BMI-S-102                                    |        |Shield SMD 16.5 x 16.5 mm                                        
|3003-0010    |     |DIODE_SCHOTTKY_1        |                   |PMEG10010ELRX          |10/25/17 21:53:21       |SOD123                                       |PAA     |DIO Schottky 100V 1A Low Leak SOD123                             
|3003-0116    |     |DIO-H, DIO-V            |                   |BAV116WSQ-7            |10/25/17 21:53:52       |SOD323                                       |PIR     |Diode 85V 30V Low Leakage SOD323                                 
|3003-0170    |     |DUAL-SW-DIODE           |                   |BAV170-7-F             |10/25/17 21:53:52       |SOT-23, SOT23                                |PIR     |Diode Low Leakage Dual Common Cathode SOT23                      
|3005-5054    |     |DIODE_SCHOTTKY_1        |                   |BAT54WX-TP             |10/25/17 21:53:21       |SOD523                                       |        |Diode Schottky 30V 200mA SOD523                                  
|3024-1020    |     |DIOZBI-V                |                   |TV02W200B-G            |10/25/17 21:53:21       |SMF                                          |        |TVS 20V 200W BIDIR SOD123                                        
|3034-6812    |     |SK6812                  |                   |SK6812MINI             |10/25/17 21:54:13       |LED-PLCC-3537                                |        |LED RGB Serial Drive 3.5x3.7x0.95mm                              
|3223-0123    |     |MOSFET-N                |                   |BSS123WQ-7-F           |10/25/17 21:53:21       |SOT323                                       |        |MOSFET N-CH 100V 170mA SOT323                                    
|3223-0223    |     |MOSFET-P                |                   |BSS223PWH6327XTSA1     |10/25/17 21:54:13       |SOT723, SOT323                               |        |MOSFET PCH 20V 390mA Vgs < 1.2 SOT323                            
|3223-3025    |     |DMHC3025                |                   |DMHC3025LSD-13         |10/25/17 21:53:52       |SO8                                          |        |H-BRIDGE MOSFET 30V 4.2A SO8                                     
|3223-3099    |     |MOSFET-P                |                   |DMP3099L-7             |10/25/17 21:53:52       |SOT23                                        |ZGB     |MOSFET PCH 30V 3.8A Vgs < 2.1 SOT23                              
|3223-6580    |     |MOSFET-N-2D             |                   |SSM6N58NU,LF           |10/25/17 21:53:21       |UDFN6                                        |        |MOSFET N-Channel Dual 30V 4A UDFN6                               
|3224-7002    |     |MOSFET-N                |                   |SSM3K7002CFU,LF        |10/25/17 21:53:52       |SOT323                                       |PIR     |MOSFET N-CH 60V 170mA SOT323                                     
|3403-0210    |     |PIRSMD                  |                   |IRS-B210ST01-R1        |10/25/17 21:53:52       |IRS-B210                                     |PIR     |Sensor PIR Dual SMD                                              
|3503-1702    |     |AD2210                  |                   |MCP1702T-3302E/CB      |10/25/17 21:53:52       |SOT-23, SOT23                                |ZGB     |Regulator LDO 3V3 250mA 2uA Iq SOT23                             
|3503-4650    |     |                        |                   |BQ24650RVAT            |02/03/16 16:59:42       |QFN3.5X3.5PT                                 |        |IC SM Battery Charger Solar QFN16                                
|3503-5500    |     |NCP5500DAD              |                   |NCP5500DADJR2G         |10/25/17 21:53:21       |SO8                                          |        |REG LDO POS ADJ 1.25-5V ADJ SO8                                  
|3513-6044    |     |OPAMP-PWR, OPAMP        |                   |MCP6044T-I/ST          |10/25/17 21:53:52       |TSSOP-14                                     |PIR     |Opamp Quad RRO Lo Power TSSOP14                                  
|3515-0358    |     |OPAMP1, OPAMP-PWR       |                   |LMV358DMR2G            |10/25/17 21:53:21       |TSSOP-8, MSOP8                               |        |IC ANA OP AMP SM DUAL Micro 8                                    
|3553-1023    |     |ZXCT1023                |                   |ZXCT1023DFGTA          |10/25/17 21:53:21       |TDFN1218-4                                   |        |IC High Side Current Monitor TDFN1218-4                          
|3553-4009    |     |CYBLE-014008-00         |                   |CYBLE-214009-00        |10/25/17 21:54:13       |CYBLE-014008-00                              |        |Module BLE Certified 128 Flash 25 GPIO SM                        
|3563-0357    |     |EM357                   |                   |Z357PA40-SMT           |10/25/17 21:53:52       |EM357                                        |ZGB     |Module Zigbee SM                                                 
|3713-0045    |     |74LVC1T45               |                   |74LVC1T45Z6-7          |10/25/17 21:54:13       |SOT563                                       |        |IC Logic Level Shift Bidir 1 bit SOT563                          
|3713-2008    |     |PWR, AND                |                   |NC7WZ08K8X             |10/25/17 21:53:52       |US8                                          |        |IC GATE AND 2CH 2-INP US8                                        
|3725-4052    |     |CD4052                  |                   |74VHC4052AFT           |10/25/17 21:54:13       |TSSOP-16                                     |        |IC MUX Dual Ganged 4:1 TSSOP16                                   
|3753-2541    |     |AT25SF041               |                   |AT25SF041-SSHD-B       |10/25/17 21:54:13       |SO8                                          |        |IC MEM Flash 4 Mbit 104 MHz SO8                                  
|4036-1R30    |     |RESZ-H, RESZ-V          |1%                 |1R3                    |10/25/17 21:53:21       |RC0603, RC0805                               |        |RES SM 0805 1%                                                   
|40440-100    |     |RESZ-H, RESZ-V          |                   |10R                    |10/25/17 21:53:21       |RC0603                                       |        |RES SM 0603 5%                                                   
|40440-103    |     |RESZ-H, RESZ-V          |                   |10K                    |10/25/17 21:53:52       |RC0603                                       |        |RES SM 0603 5%                                                   
|40440-104    |     |RESZ-H, RESZ-V          |                   |100K                   |10/25/17 21:54:13       |RC0603                                       |        |RES SM 0603 5%                                                   
|40440-106    |     |RESZ-H, RESZ-V          |                   |10M                    |10/25/17 21:53:21       |RC0603                                       |        |RES SM 0603 5%                                                   
|40440-205    |     |RESZ-H, RESZ-V          |                   |2M0                    |10/25/17 21:53:52       |RC0603                                       |PIR     |RES SM 0603 5%                                                   
|40440-225    |     |RESZ-H, RESZ-V          |                   |2M2                    |10/25/17 21:53:52       |RC0603                                       |PIR     |RES SM 0603 5%                                                   
|40440-2R0    |     |RESZ-H, RESZ-V          |                   |2R0                    |10/25/17 21:53:21       |RC0603                                       |        |RES SM 0603 5%                                                   
|40440-303    |     |RESZ-H, RESZ-V          |                   |30K                    |10/25/17 21:53:52       |RC0603                                       |PIR     |RES SM 0603 5%                                                   
|40440-305    |     |RESZ-H, RESZ-V          |                   |3M0                    |10/25/17 21:53:52       |RC0603                                       |        |RES SM 0603 5%                                                   
|40440-332    |     |RESZ-H, RESZ-V          |                   |3K3                    |10/25/17 21:53:52       |RC0603                                       |ZGB     |RES SM 0603 5%                                                   
|40440-433    |     |RESZ-H, RESZ-V          |                   |43K                    |10/25/17 21:53:52       |RC0603                                       |        |RES SM 0603 5%                                                   
|40440-471    |     |RESZ-H, RESZ-V          |                   |470R                   |10/25/17 21:54:13       |RC0603                                       |        |RES SM 0603 5%                                                   
|40440-474    |     |RESZ-H, RESZ-V          |                   |470K                   |10/25/17 21:53:52       |RC0603                                       |PIR     |RES SM 0603 5%                                                   
|40440-561    |     |RESZ-H, RESZ-V          |                   |560R                   |10/25/17 21:54:13       |RC0603                                       |        |RES SM 0603 5%                                                   
|40440-563    |     |RESZ-H, RESZ-V          |                   |56K                    |10/25/17 21:53:52       |RC0603                                       |        |RES SM 0603 5%                                                   
|40440-754    |     |RESZ-H, RESZ-V          |                   |750K                   |10/25/17 21:53:21       |RC0603                                       |        |RES SM 0603 5%                                                   
|40440-755    |     |RESZ-H, RESZ-V          |                   |7M5                    |10/25/17 21:53:21       |RC0603                                       |        |RES SM 0603 5%                                                   
|40440-821    |     |RESZ-H, RESZ-V          |                   |820R                   |10/25/17 21:54:13       |RC0603                                       |        |RES SM 0603 5%                                                   
|4046-1003    |     |RESZ-H, RESZ-V          |1%                 |100K                   |10/25/17 21:53:21       |RC0603                                       |        |RES SM 0603 1%                                                   
|4046-1272    |     |RESZ-H, RESZ-V          |1%                 |12K7                   |10/25/17 21:53:21       |RC0603, RC0603M                              |        |RES SM 0603 1%                                                   
|4046-1651    |     |RESZ-H, RESZ-V          |1%                 |1K65                   |10/25/17 21:53:21       |RC0603                                       |        |RES SM 0603 1%                                                   
|4046-1873    |     |RESZ-H, RESZ-V          |1%                 |187K                   |10/25/17 21:53:21       |RC0603                                       |        |RES SM 0603 1%                                                   
|4046-2203    |     |RESZ-H, RESZ-V          |1%                 |220K                   |10/25/17 21:54:13       |RC0603                                       |        |RES SM 0603 1%                                                   
|4046-2374    |     |RESZ-H, RESZ-V          |1%                 |2M37                   |10/25/17 21:53:21       |RC0603                                       |        |RES SM 0603 1%                                                   
|4046-2873    |     |RESZ-H, RESZ-V          |1%                 |287K                   |10/25/17 21:53:21       |RC0603                                       |        |RES SM 0603 1%                                                   
|4046-3004    |     |RESZ-H, RESZ-V          |1%                 |3M00                   |10/25/17 21:53:21       |RC0603                                       |        |RES SM 0603 1%                                                   
|4046-4221    |     |RESZ-H, RESZ-V          |1%                 |4K22                   |10/25/17 21:53:21       |RC0603                                       |        |RES SM 0603 1%                                                   
|4046-5603    |     |RESZ-H, RESZ-V          |1%                 |560K                   |10/25/17 21:53:21       |RC0603                                       |        |RES SM 0603 1%                                                   
|4046-5901    |     |RESZ-H, RESZ-V          |1%                 |5K90                   |10/25/17 21:53:21       |RC0603                                       |        |RES SM 0603 1%                                                   
|4046-6044    |     |RESZ-H, RESZ-V          |1%                 |6M04                   |10/25/17 21:53:21       |RC0603                                       |        |RES SM 0603 1%                                                   
|4046-6493    |     |RESZ-H, RESZ-V          |1%                 |649K                   |10/25/17 21:53:21       |RC0603                                       |        |RES SM 0603 1%                                                   
|4046-R043    |     |RESZ-H, RESZ-V          |1%                 |R043                   |10/25/17 21:53:21       |RC0603                                       |        |RES SM 0603 1%                                                   
|4046-R400    |     |RESZ-H, RESZ-V          |1%                 |R400                   |10/25/17 21:53:21       |RC0603                                       |        |RES SM 0603 1%                                                   
|43040-103    |     |RESZ-H, RESZ-V          |NTCG103JF103FT1    |10K                    |10/25/17 21:53:21       |RC0402                                       |        |THERMISTOR SM 0603 1% NTC B2585-3435                             
|43041-104    |     |RESZ-H, RESZ-V          |NCP15WF104J03RC    |100K                   |10/25/17 21:54:13       |RC0402                                       |        |THERMISTOR SM 0603 1% NTC B2585-4311                             
|50311-475    |     |CAP-V, CAP-H            |25V                |4U7                    |10/25/17 21:53:21       |RC0805, RC0805M                              |        |CAP SM CER 0805 XR7 25V 20%                                      
|50342-106    |     |CAP-V, CAP-H            |GRM21BR61A476ME15L |                       |10/25/17 21:53:52       |RC0805                                       |        |CAP SM CER 0805 X5R 25V 10%                                      
|50402-101    |SM   |CAP-H, CAP-V            |                   |100P                   |10/25/17 21:53:21       |RC0603                                       |        |CAP SM CER 0603 NPO 50V 5%                                       
|50402-330    |     |CAP-V, CAP-H            |                   |33P                    |10/25/17 21:53:21       |RC0603                                       |        |CAP SM CER 0603 NPO 50V 5%                                       
|50410-334    |SM   |CAP-V, CAP-H            |                   |330N                   |10/25/17 21:53:52       |RC0603                                       |PIR     |CAP SM CER 0603 X7R 16V 10%                                      
|50412-103    |     |CAP-H, CAP-V            |                   |10N                    |10/25/17 21:53:52       |RC0603                                       |PIR     |CAP SM CER 0603 X7R 50V 10%                                      
|50412-104    |     |CAP-H, CAP-V            |                   |100N                   |10/25/17 21:54:13       |RC0603                                       |        |CAP SM CER 0603 X7R 50V 10%                                      
|50412-105    |     |CAP-V, CAP-H            |                   |1U0                    |10/25/17 21:53:52       |RC0603                                       |ZGB     |CAP SM CER 0603 X7R 50V 10%                                      
|50448-225    |     |CAP-V, CAP-H            |                   |2U2                    |10/25/17 21:53:21       |RC0603                                       |        |CAP SM CER 0603 X5R 35V                                          
|53304-476    |     |CAPA+, CAPAH+           |25V                |47U                    |10/25/17 21:53:21       |CES-D-6.3MM                                  |        |CAP SM ELEC 6x5.4 MM 25V 85C                                     
|60759-333    |     |IND-H, IND-V            |                   |33U                    |10/25/17 21:53:21       |TYS6028                                      |        |IND SM PWR 6MM SHLD 1.2A TYS6028                                 
|68800-331    |     |FLTBEAD                 |                   |MPZ1608S331ATA00       |10/25/17 21:54:13       |RC0603                                       |        |FIL EMI FERRITE 330R 1.7A 0603                                   
|72103-002    |     |CON2                    |                   |PREC002SBAN-M71RC      |10/25/17 21:54:13       |SIP/2P                                       |        |CON TH HDR SGL 0.100 2 PIN RA TIN                                
|72150-002    |     |CON2                    |                   |SM02B-SFHRS-TF(LF)(SN) |10/25/17 21:53:21       |SM02B-SFHRS-TF                               |        |CONN SM HEADER SHRD 2POS1.8 MM HOR TIN                           
|72152-002    |     |CON2                    |                   |B2B-PH-SM4-TB(LF)(SN)  |10/25/17 21:53:21       |B2B-PH-SM4-TB                                |        |CONN SM HEADER SHRD 2POS 2MM VERT TIN                            
|72152-003    |     |CON3                    |                   |B3B-PH-SM4-TB(LF)(SN)  |10/25/17 21:53:21       |B3B-PH-SM4-TB                                |        |CONN SM HEADER SHRD 3POS 2MM VERT TIN                            
|72156-006    |     |CON6                    |                   |A2501LF-06A            |10/25/17 21:53:52       |A2501LF-06A                                  |        |CON SM HDR SHRD VERT TIN 2.5MM 6 POS                             
|72440-010    |     |CONDR10                 |                   |DF37B-10DP-0.4V(53)    |10/25/17 21:54:13       |DF37B-10P                                    |        |Con SM Mezzanine 0.98mm Plug 10 Pin DF37B                        
|7511-2020    |     |POLYSWITCH-H            |2A                 |0ZCF0200AF2C           |10/25/17 21:53:52       |F2920                                        |        |FUSE PTC RESETTABLE SMD 2A HOLD 4A 24V 2920                      
|7511-2025    |     |POLYSWITCH-H            |250 mA             |0ZCJ0025AF2E           |10/25/17 21:53:18       |RC1206                                       |        |FUSE PTC RESETTABLE SMD 0.25 HOLD 24V1206                        
|EMI-5.5X9    |     |TP                      |                   |                       |10/25/17 21:54:13       |EMI-5.5X9                                    |        |                                                                 
|FID-40       |     |                        |                   |                       |01/07/08 17:29:00       |FID-40                                       |        |                                                                 
|HOL-1.8MM-NP |     |TP                      |                   |1.8MM                  |10/25/17 21:54:13       |HOL-1.8MM-NP, M1.6PEMSCREW                   |        |Plated Hole for M1.6 Screw                                       
|RT9064-1711  |     |AD2210                  |                   |RT9064-33GV            |11/14/17 16:29:11       |SOT23                                        |        |Regulator LDO 3V3 200mA 2uA Iq SOT23                             
|TC2030       |     |TC2030                  |                   |TC2030                 |10/25/17 22:03:45       |TC2030                                       |        |Connector Programming Interface pattern only.  No part installed 
|TC2050       |     |CONDR10                 |DNI                |TC2050                 |10/25/17 21:53:52       |TC2050                                       |        |CON IDC Tag Connect 10 pin                                       
|TP           |     |TP, TP-SMALL, TP-INLINE |                   |                       |10/25/17 21:54:13       |TP030, TP030S, TP040, TPS1.2MM, TP060, TP100 |        |TESTPOINT                                                        
